Microchip MPLAB XC8 Compiler V1.33 ()

Linker command line:

--edf=/opt/microchip/xc8/v1.33/dat/en_msgs.txt -cs \
  -h+dist/default/production/probandoboot.X.production.sym \
  --cmf=dist/default/production/probandoboot.X.production.cmf -z -Q18F4550 \
  -o/tmp/cgt0tAGDB -Mdist/default/production/probandoboot.X.production.map \
  -E1 -ver=XC8 -ASTACK=060h-07ffh -pstack=STACK \
  -ACODE=02000h-02005h,02008h-02015h,02018h-07FFFh \
  -ACONST=02000h-02005h,02008h-02015h,02018h-07FFFh \
  -ASMALLCONST=02000h-02005h,02008h-02015h,02018h-020FFh,02100h-021FFhx95 \
  -AMEDIUMCONST=02000h-02005h,02008h-02015h,02018h-07FFFh -ACOMRAM=01h-05Fh \
  -AABS1=00h-07FFh -ABIGRAM=01h-07FFh -ARAM=060h-0FFh,0100h-01FFhx7 \
  -ABANK0=060h-0FFh -ABANK1=0100h-01FFh -ABANK2=0200h-02FFh \
  -ABANK3=0300h-03FFh -ABANK4=0400h-04FFh -ABANK5=0500h-05FFh \
  -ABANK6=0600h-06FFh -ABANK7=0700h-07FFh -ASFR=0F60h-0FFFh \
  -preset_vec=02000h,intcode=02008h,intcodelo,powerup,init,end_init \
  -pramtop=0800h -psmallconst=SMALLCONST -pmediumconst=MEDIUMCONST \
  -pconst=CONST -AFARRAM=00h-00h -ACONFIG=0300000h-030000Dh -pconfig=CONFIG \
  -AIDLOC=0200000h-0200007h -pidloc=IDLOC -AEEDATA=0F00000h-0F000FFh \
  -peeprom_data=EEDATA \
  -prdata=COMRAM,nvrram=COMRAM,nvbit=COMRAM,rbss=COMRAM,rbit=COMRAM \
  -pfarbss=FARRAM,fardata=FARRAM,nvFARRAM=FARRAM \
  -pintsave_regs=BIGRAM,bigbss=BIGRAM,bigdata=BIGRAM -pbss=RAM \
  -pidata=CODE,irdata=CODE,ibigdata=CODE,ifardata=CODE /tmp/cgtmOWvqQ.obj \
  dist/default/production/probandoboot.X.production.obj 

Object code version is 3.11

Machine type is 18F4550

Call graph: (short form)




                Name                               Link     Load   Length Selector   Space Scale
/tmp/cgtmOWvqQ.obj
                end_init                           2018     2018        4     1004       0
                reset_vec                          2000     2000        4     1000       0
                idloc                            200000   200000        8   200000       0
                config                           300000   300000        E   300000       0
dist/default/production/probandoboot.X.production.obj
                intcode                            2008     2008       10     1004       0
                smallconst                         201C     201C        C     100E       0
                text20                             79C8     79C8       10     3CE4       0
                text19                             79D8     79D8       1A     3CEC       0
                text18                             7A0C     7A0C       1C     3D06       0
                intcode_body                       7CEC     7CEC       90     3E76       0
                text16                             7A28     7A28       26     3D14       0
                text15                             7A4E     7A4E       28     3D27       0
                text14                             799E     799E        E     3CCF       0
                text13                             7C64     7C64       88     3E32       0
                text12                             7B32     7B32       50     3D99       0
                text11                             7BE4     7BE4       80     3DF2       0
                text10                             7E0C     7E0C       A4     3F06       0
                text9                              7D7C     7D7C       90     3EBE       0
                text8                              7996     7996        8     3CCB       0
                text7                              79AC     79AC        E     3CD6       0
                text6                              79BA     79BA        E     3CDD       0
                text5                              7B82     7B82       62     3DC1       0
                text4                              7A9E     7A9E       2E     3D4F       0
                text3                              7ACC     7ACC       30     3D66       0
                text2                              79F2     79F2       1A     3CF9       0
                text1                              7A76     7A76       28     3D3B       0
                text0                              7EB0     7EB0      150     3F58       0
                cstackCOMRAM                          1        1       23        1       1
                dataCOMRAM                           33       33        4        1       1
                bssCOMRAM                            24       24        F        1       1
                cinit                              7AFC     7AFC       36     3D7E       0
                nvCOMRAM                             37       37        2        1       1
                idataCOMRAM                        7992     7992        4     7992       0

TOTAL           Name                               Link     Load   Length     Space
        CLASS   STACK          

        CLASS   CODE           
                end_init                           2018     2018        4         0
                intcode                            2008     2008       10         0
                reset_vec                          2000     2000        4         0
                text20                             79C8     79C8       10         0
                text19                             79D8     79D8       1A         0
                text18                             7A0C     7A0C       1C         0
                intcode_body                       7CEC     7CEC       90         0
                text16                             7A28     7A28       26         0
                text15                             7A4E     7A4E       28         0
                text14                             799E     799E        E         0
                text13                             7C64     7C64       88         0
                text12                             7B32     7B32       50         0
                text11                             7BE4     7BE4       80         0
                text10                             7E0C     7E0C       A4         0
                text9                              7D7C     7D7C       90         0
                text8                              7996     7996        8         0
                text7                              79AC     79AC        E         0
                text6                              79BA     79BA        E         0
                text5                              7B82     7B82       62         0
                text4                              7A9E     7A9E       2E         0
                text3                              7ACC     7ACC       30         0
                text2                              79F2     79F2       1A         0
                text1                              7A76     7A76       28         0
                text0                              7EB0     7EB0      150         0
                cinit                              7AFC     7AFC       36         0
                idataCOMRAM                        7992     7992        4         0

        CLASS   CONST          

        CLASS   SMALLCONST     
                smallconst                         201C     201C        C         0

        CLASS   MEDIUMCONST    

        CLASS   COMRAM         
                cstackCOMRAM                          1        1       23         1
                dataCOMRAM                           33       33        4         1
                bssCOMRAM                            24       24        F         1
                nvCOMRAM                             37       37        2         1

        CLASS   ABS1           

        CLASS   BIGRAM         

        CLASS   RAM            

        CLASS   BANK0          

        CLASS   BANK1          

        CLASS   BANK2          

        CLASS   BANK3          

        CLASS   BANK4          

        CLASS   BANK5          

        CLASS   BANK6          

        CLASS   BANK7          

        CLASS   SFR            

        CLASS   FARRAM         

        CLASS   CONFIG         
                config                           300000   300000        E         0

        CLASS   IDLOC          
                idloc                            200000   200000        8         0

        CLASS   EEDATA         



SEGMENTS        Name                           Load    Length   Top    Selector   Space  Class

                cstackCOMRAM                   000001  000038  000039         1       1  COMRAM  
                reset_vec                      002000  000004  002004      1000       0  CODE    
                intcode                        002008  000014  00201C      1004       0  CODE    
                smallconst                     00201C  00000C  002028      100E       0  SMALLCON
                idataCOMRAM                    007992  000004  007996      7992       0  CODE    
                text8                          007996  000008  00799E      3CCB       0  CODE    
                text14                         00799E  00000E  0079AC      3CCF       0  CODE    
                text7                          0079AC  00000E  0079BA      3CD6       0  CODE    
                text6                          0079BA  00000E  0079C8      3CDD       0  CODE    
                text20                         0079C8  000010  0079D8      3CE4       0  CODE    
                text19                         0079D8  00001A  0079F2      3CEC       0  CODE    
                text2                          0079F2  00001A  007A0C      3CF9       0  CODE    
                text18                         007A0C  00001C  007A28      3D06       0  CODE    
                text16                         007A28  000026  007A4E      3D14       0  CODE    
                text15                         007A4E  000028  007A76      3D27       0  CODE    
                text1                          007A76  000028  007A9E      3D3B       0  CODE    
                text4                          007A9E  00002E  007ACC      3D4F       0  CODE    
                text3                          007ACC  000030  007AFC      3D66       0  CODE    
                cinit                          007AFC  000036  007B32      3D7E       0  CODE    
                text12                         007B32  000050  007B82      3D99       0  CODE    
                text5                          007B82  000062  007BE4      3DC1       0  CODE    
                text11                         007BE4  000080  007C64      3DF2       0  CODE    
                text13                         007C64  000088  007CEC      3E32       0  CODE    
                intcode_body                   007CEC  000090  007D7C      3E76       0  CODE    
                text9                          007D7C  000090  007E0C      3EBE       0  CODE    
                text10                         007E0C  0000A4  007EB0      3F06       0  CODE    
                text0                          007EB0  000150  008000      3F58       0  CODE    
                idloc                          200000  000008  200008    200000       0  IDLOC   
                config                         300000  00000E  30000E    300000       0  CONFIG  


UNUSED ADDRESS RANGES

        Name                Unused          Largest block    Delta
        BANK0            000060-0000FF               A0
        BANK1            000100-0001FF              100
        BANK2            000200-0002FF              100
        BANK3            000300-0003FF              100
        BANK4            000400-0004FF              100
        BANK5            000500-0005FF              100
        BANK6            000600-0006FF              100
        BANK7            000700-0007FF              100
        BIGRAM           000039-0007FF              7C7
        CODE             002004-002005                2
                         002028-007991             596A
        COMRAM           000039-00005F               27
        CONST            002004-002005                2
                         002028-007991             596A
        EEDATA           F00000-F000FF              100
        FARRAM           000000-000000                1
        MEDIUMCONST      002004-002005                2
                         002028-007991             596A
        RAM              000060-0007FF              100
        SFR              000F60-000FFF               A0
        SMALLCONST       002004-002005                2
                         002028-007991              100
        STACK            000060-0007FF              7A0

                                  Symbol Table

?___awdiv                cstackCOMRAM 000015
?___awmod                cstackCOMRAM 00000F
Send_4Disp@Cent          cstackCOMRAM 000011
Send_4Disp@Dec           cstackCOMRAM 000012
Send_4Disp@Nro_Disp      dataCOMRAM   000033
Send_4Disp@Umil          cstackCOMRAM 000014
Send_4Disp@Uni           cstackCOMRAM 000013
Send_Disp@Dato           cstackCOMRAM 00000F
Send_Disp@NroDisp        cstackCOMRAM 000010
_ADCON1                  (abs)        000FC1
_BAUDCONbits             (abs)        000FB8
_CCP1CONbits             (abs)        000FBD
_CCPR1L                  (abs)        000FBE
_CENT                    bssCOMRAM    000028
_CMCON                   (abs)        000FB4
_DEC                     bssCOMRAM    000029
_INTCONbits              (abs)        000FF2
_LATA                    (abs)        000F89
_LATAbits                (abs)        000F89
_LATB                    (abs)        000F8A
_LATBbits                (abs)        000F8A
_LATC                    (abs)        000F8B
_LATCbits                (abs)        000F8B
_LATD                    (abs)        000F8C
_LATDbits                (abs)        000F8C
_LATE                    (abs)        000F8D
_LATEbits                (abs)        000F8D
_LCD_init                text13       007C64
_LCD_tic                 text20       0079C8
_LCD_tout                nvCOMRAM     000037
_MEMDIG                  dataCOMRAM   000034
_PIE1bits                (abs)        000F9D
_PORTBbits               (abs)        000F81
_PR2                     (abs)        000FCB
_RAMPA_tic               text19       0079D8
_RCIF                    (abs)        007CF5
_RCREG                   (abs)        000FAE
_RCSTAbits               (abs)        000FAB
_SPBRG                   (abs)        000FAF
_SPBRGH                  (abs)        000FB0
_Send_4Disp              text11       007BE4
_Send_Disp               text12       007B32
_T0CONbits               (abs)        000FD5
_T2CONbits               (abs)        000FCA
_TMR0H                   (abs)        000FD7
_TMR0IF                  (abs)        007F92
_TMR0L                   (abs)        000FD6
_TRISA                   (abs)        000F92
_TRISB                   (abs)        000F93
_TRISCbits               (abs)        000F94
_TRISD                   (abs)        000F95
_TRISE                   (abs)        000F96
_TXSTAbits               (abs)        000FAC
_UMIL                    bssCOMRAM    00002A
_UNI                     bssCOMRAM    00002B
__CFG_BOR$ON             (abs)        000000
__CFG_BORV$3             (abs)        000000
__CFG_CP0$OFF            (abs)        000000
__CFG_CP1$OFF            (abs)        000000
__CFG_CPB$OFF            (abs)        000000
__CFG_CPUDIV$OSC1_PLL2   (abs)        000000
__CFG_EBTR0$OFF          (abs)        000000
__CFG_EBTR1$OFF          (abs)        000000
__CFG_EBTRB$OFF          (abs)        000000
__CFG_FCMEN$OFF          (abs)        000000
__CFG_FOSC$HSPLL_HS      (abs)        000000
__CFG_IESO$OFF           (abs)        000000
__CFG_LPT1OSC$OFF        (abs)        000000
__CFG_LVP$OFF            (abs)        000000
__CFG_MCLRE$ON           (abs)        000000
__CFG_PBADEN$OFF         (abs)        000000
__CFG_PLLDIV$5           (abs)        000000
__CFG_PWRT$OFF           (abs)        000000
__CFG_STVREN$ON          (abs)        000000
__CFG_USBDIV$2           (abs)        000000
__CFG_VREGEN$ON          (abs)        000000
__CFG_WDT$OFF            (abs)        000000
__CFG_WDTPS$32768        (abs)        000000
__CFG_WRT0$OFF           (abs)        000000
__CFG_WRT1$OFF           (abs)        000000
__CFG_WRTB$OFF           (abs)        000000
__CFG_WRTC$OFF           (abs)        000000
__CFG_XINST$OFF          (abs)        000000
__HRAM                   (abs)        000000
__Habs1                  abs1         000000
__Hbank0                 bank0        000000
__Hbank1                 bank1        000000
__Hbank2                 bank2        000000
__Hbank3                 bank3        000000
__Hbank4                 bank4        000000
__Hbank5                 bank5        000000
__Hbank6                 bank6        000000
__Hbank7                 bank7        000000
__Hbigbss                bigbss       000000
__Hbigdata               bigdata      000000
__Hbigram                bigram       000000
__Hbss                   bss          000000
__HbssCOMRAM             bssCOMRAM    000000
__Hcinit                 cinit        000000
__Hclrtext               clrtext      000000
__Hcomram                comram       000000
__Hconfig                config       30000E
__Hconst                 const        000000
__HcstackCOMRAM          cstackCOMRAM 000000
__Hdata                  data         000000
__HdataCOMRAM            dataCOMRAM   000000
__Heeprom_data           eeprom_data  000000
__Hend_init              end_init     00201C
__Hfarbss                farbss       000000
__Hfardata               fardata      000000
__Hibigdata              ibigdata     000000
__Hidata                 idata        000000
__HidataCOMRAM           idataCOMRAM  000000
__Hidloc                 idloc        200008
__Hifardata              ifardata     000000
__Hinit                  init         002018
__Hintcode               intcode      002018
__Hintcode_body          intcode_body 000000
__Hintcodelo             intcodelo    002018
__Hintentry              intentry     000000
__Hintret                intret       000000
__Hintsave_regs          intsave_regs 000000
__Hirdata                irdata       000000
__Hmediumconst           mediumconst  000000
__HnvCOMRAM              nvCOMRAM     000000
__HnvFARRAM              nvFARRAM     000000
__Hnvbit                 nvbit        000000
__Hnvrram                nvrram       000000
__Hparam                 rparam       000000
__Hpowerup               powerup      002018
__Hram                   ram          000000
__Hramtop                ramtop       000800
__Hrbit                  rbit         000000
__Hrbss                  rbss         000000
__Hrdata                 rdata        000000
__Hreset_vec             reset_vec    002004
__Hrparam                rparam       000000
__Hsfr                   sfr          000000
__Hsmallconst            smallconst   002028
__Hspace_0               (abs)        30000E
__Hspace_1               (abs)        000039
__Hspace_2               (abs)        000000
__Hstack                 stack        000000
__Hstruct                struct       000000
__Htemp                  temp         000000
__Htext                  text         000000
__Htext0                 text0        000000
__Htext1                 text1        000000
__Htext10                text10       000000
__Htext11                text11       000000
__Htext12                text12       000000
__Htext13                text13       000000
__Htext14                text14       000000
__Htext15                text15       000000
__Htext16                text16       000000
__Htext18                text18       000000
__Htext19                text19       000000
__Htext2                 text2        000000
__Htext20                text20       000000
__Htext3                 text3        000000
__Htext4                 text4        000000
__Htext5                 text5        000000
__Htext6                 text6        000000
__Htext7                 text7        000000
__Htext8                 text8        000000
__Htext9                 text9        000000
__LRAM                   (abs)        000001
__Labs1                  abs1         000000
__Lbank0                 bank0        000000
__Lbank1                 bank1        000000
__Lbank2                 bank2        000000
__Lbank3                 bank3        000000
__Lbank4                 bank4        000000
__Lbank5                 bank5        000000
__Lbank6                 bank6        000000
__Lbank7                 bank7        000000
__Lbigbss                bigbss       000000
__Lbigdata               bigdata      000000
__Lbigram                bigram       000000
__Lbss                   bss          000000
__LbssCOMRAM             bssCOMRAM    000000
__Lcinit                 cinit        000000
__Lclrtext               clrtext      000000
__Lcomram                comram       000000
__Lconfig                config       300000
__Lconst                 const        000000
__LcstackCOMRAM          cstackCOMRAM 000000
__Ldata                  data         000000
__LdataCOMRAM            dataCOMRAM   000000
__Leeprom_data           eeprom_data  000000
__Lend_init              end_init     002018
__Lfarbss                farbss       000000
__Lfardata               fardata      000000
__Libigdata              ibigdata     000000
__Lidata                 idata        000000
__LidataCOMRAM           idataCOMRAM  000000
__Lidloc                 idloc        200000
__Lifardata              ifardata     000000
__Linit                  init         002018
__Lintcode               intcode      002008
__Lintcode_body          intcode_body 000000
__Lintcodelo             intcodelo    002018
__Lintentry              intentry     000000
__Lintret                intret       000000
__Lintsave_regs          intsave_regs 000000
__Lirdata                irdata       000000
__Lmediumconst           mediumconst  000000
__LnvCOMRAM              nvCOMRAM     000000
__LnvFARRAM              nvFARRAM     000000
__Lnvbit                 nvbit        000000
__Lnvrram                nvrram       000000
__Lparam                 rparam       000000
__Lpowerup               powerup      002018
__Lram                   ram          000000
__Lramtop                ramtop       000800
__Lrbit                  rbit         000000
__Lrbss                  rbss         000000
__Lrdata                 rdata        000000
__Lreset_vec             reset_vec    002000
__Lrparam                rparam       000000
__Lsfr                   sfr          000000
__Lsmallconst            smallconst   00201C
__Lspace_0               (abs)        000000
__Lspace_1               (abs)        000000
__Lspace_2               (abs)        000000
__Lstack                 stack        000000
__Lstruct                struct       000000
__Ltemp                  temp         000000
__Ltext                  text         000000
__Ltext0                 text0        000000
__Ltext1                 text1        000000
__Ltext10                text10       000000
__Ltext11                text11       000000
__Ltext12                text12       000000
__Ltext13                text13       000000
__Ltext14                text14       000000
__Ltext15                text15       000000
__Ltext16                text16       000000
__Ltext18                text18       000000
__Ltext19                text19       000000
__Ltext2                 text2        000000
__Ltext20                text20       000000
__Ltext3                 text3        000000
__Ltext4                 text4        000000
__Ltext5                 text5        000000
__Ltext6                 text6        000000
__Ltext7                 text7        000000
__Ltext8                 text8        000000
__Ltext9                 text9        000000
__S0                     (abs)        30000E
__S1                     (abs)        000039
__S2                     (abs)        000000
___awdiv                 text10       007E0C
___awdiv@counter         cstackCOMRAM 000019
___awdiv@dividend        cstackCOMRAM 000015
___awdiv@divisor         cstackCOMRAM 000017
___awdiv@quotient        cstackCOMRAM 00001B
___awdiv@sign            cstackCOMRAM 00001A
___awmod                 text9        007D7C
___awmod@counter         cstackCOMRAM 000013
___awmod@dividend        cstackCOMRAM 00000F
___awmod@divisor         cstackCOMRAM 000011
___awmod@sign            cstackCOMRAM 000014
___inthi_sp              stack        000000
___intlo_sp              stack        000000
___sp                    stack        000000
__accesstop              (abs)        000060
__activetblptr           (abs)        000002
__end_of_LCD_init        text13       007CEC
__end_of_LCD_tic         text20       0079D8
__end_of_RAMPA_tic       text19       0079F2
__end_of_Send_4Disp      text11       007C64
__end_of_Send_Disp       text12       007B82
__end_of___awdiv         text10       007EB0
__end_of___awmod         text9        007E0C
__end_of__initialization cinit        007B28
__end_of__stringdata     smallconst   002026
__end_of_assign_id       text8        00799E
__end_of_broadcast_id    smallconst   00201E
__end_of_char2LCD        text6        0079C8
__end_of_decode          text5        007BE4
__end_of_main            text0        008000
__end_of_msg2LCD         text4        007ACC
__end_of_myISR           intcode_body 007D7C
__end_of_pic_ini13       text3        007AFC
__end_of_read_BUSY       text16       007A4E
__end_of_tic_timer0      text18       007A28
__end_of_timer_ini13     text2        007A0C
__end_of_usart_ini13     text1        007A9E
__end_of_write_CMD       text14       0079AC
__end_of_write_DATA      text7        0079BA
__end_of_write_LCD       text15       007A76
__initialization         cinit        007AFC
__mediumconst            mediumconst  000000
__pbssCOMRAM             bssCOMRAM    000024
__pcinit                 cinit        007AFC
__pcstackCOMRAM          cstackCOMRAM 000001
__pdataCOMRAM            dataCOMRAM   000033
__pidataCOMRAM           idataCOMRAM  007992
__pintcode               intcode      002008
__pintcode_body          intcode_body 007CEC
__pnvCOMRAM              nvCOMRAM     000037
__psmallconst            smallconst   00201C
__ptext0                 text0        007EB0
__ptext1                 text1        007A76
__ptext10                text10       007E0C
__ptext11                text11       007BE4
__ptext12                text12       007B32
__ptext13                text13       007C64
__ptext14                text14       00799E
__ptext15                text15       007A4E
__ptext16                text16       007A28
__ptext18                text18       007A0C
__ptext19                text19       0079D8
__ptext2                 text2        0079F2
__ptext20                text20       0079C8
__ptext3                 text3        007ACC
__ptext4                 text4        007A9E
__ptext5                 text5        007B82
__ptext6                 text6        0079BA
__ptext7                 text7        0079AC
__ptext8                 text8        007996
__ptext9                 text9        007D7C
__ramtop                 ramtop       000800
__size_of_LCD_init       (abs)        000000
__size_of_LCD_tic        (abs)        000000
__size_of_RAMPA_tic      (abs)        000000
__size_of_Send_4Disp     (abs)        000000
__size_of_Send_Disp      (abs)        000000
__size_of___awdiv        (abs)        000000
__size_of___awmod        (abs)        000000
__size_of_assign_id      (abs)        000000
__size_of_char2LCD       (abs)        000000
__size_of_decode         (abs)        000000
__size_of_main           (abs)        000000
__size_of_msg2LCD        (abs)        000000
__size_of_myISR          (abs)        000000
__size_of_pic_ini13      (abs)        000000
__size_of_read_BUSY      (abs)        000000
__size_of_tic_timer0     (abs)        000000
__size_of_timer_ini13    (abs)        000000
__size_of_usart_ini13    (abs)        000000
__size_of_write_CMD      (abs)        000000
__size_of_write_DATA     (abs)        000000
__size_of_write_LCD      (abs)        000000
__smallconst             smallconst   00201C
__stringdata             smallconst   00201E
_assign_id               text8        007996
_bot_tout                bssCOMRAM    00002C
_broadcast_id            smallconst   00201D
_caracter                bssCOMRAM    00002D
_char2LCD                text6        0079BA
_decode                  text5        007B82
_led_tout                bssCOMRAM    000024
_main                    text0        007EB0
_msg2LCD                 text4        007A9E
_mux_tout                bssCOMRAM    00002E
_myISR                   intcode      002008
_pic_ini13               text3        007ACC
_rampa_status            dataCOMRAM   000035
_read_BUSY               text16       007A28
_slave_id                bssCOMRAM    00002F
_tic_timer0              text18       007A0C
_tiempo_rampa            bssCOMRAM    000026
_timer_ini13             text2        0079F2
_usart_ini13             text1        007A76
_write_CMD               text14       00799E
_write_DATA              text7        0079AC
_write_LCD               text15       007A4E
assign_id@id             cstackCOMRAM 00000F
char2LCD@dato            cstackCOMRAM 000012
decode@buffer            cstackCOMRAM 000010
decode@com_rec           bssCOMRAM    000030
decode@est_rec           bssCOMRAM    000031
decode@retorno           cstackCOMRAM 00000F
end_of_initialization    cinit        007B28
int_func                 intcode_body 007CEC
intlevel0                text         000000
intlevel1                text         000000
intlevel2                text         000000
intlevel3                text         000000
leds@i                   dataCOMRAM   000036
main@backup              cstackCOMRAM 00001F
main@backup_rampa        cstackCOMRAM 00001D
main@cent                cstackCOMRAM 000022
main@dec                 cstackCOMRAM 000021
main@mil                 cstackCOMRAM 000023
main@seg                 cstackCOMRAM 000020
msg2LCD@datos            cstackCOMRAM 000012
mux_display@contdisp     bssCOMRAM    000032
read_BUSY@aux            cstackCOMRAM 00000F
stackhi                  (abs)        0007FF
stacklo                  (abs)        000060
start                    init         002018
start_initialization     cinit        007AFC
write_CMD@dato           cstackCOMRAM 000011
write_DATA@dato          cstackCOMRAM 000011
write_LCD@aux            cstackCOMRAM 000010
write_LCD@dato           cstackCOMRAM 00000F


FUNCTION INFORMATION:

 *************** function _main *****************
 Defined at:
		line 35 in file "main.c"
 Parameters:    Size  Location     Type
		None
 Auto vars:     Size  Location     Type
  backup_rampa    2   28[COMRAM] unsigned int 
  mil             1   34[COMRAM] unsigned char 
  cent            1   33[COMRAM] unsigned char 
  dec             1   32[COMRAM] unsigned char 
  seg             1   31[COMRAM] unsigned char 
  backup          1   30[COMRAM] unsigned char 
 Return value:  Size  Location     Type
		None               void
 Registers used:
		wreg, status,2, status,0, tblptrl, tblptrh, tblptru, prodl, cstack
 Tracked objects:
		On entry : 
		On exit  : 
		Unchanged: 
 Data sizes:     COMRAM   BANK0   BANK1   BANK2   BANK3   BANK4   BANK5   BANK6   BANK7
      Params:         0       0       0       0       0       0       0       0       0
      Locals:         7       0       0       0       0       0       0       0       0
      Temps:          0       0       0       0       0       0       0       0       0
      Totals:         7       0       0       0       0       0       0       0       0
Total ram usage:        7 bytes
 Hardware stack levels required when called:    5
 This function calls:
		_LCD_init
		_Send_4Disp
		___awdiv
		___awmod
		_assign_id
		_char2LCD
		_decode
		_msg2LCD
		_pic_ini13
		_timer_ini13
		_usart_ini13
 This function is called by:
		Startup code after reset
 This function uses a non-reentrant model


 *************** function _usart_ini13 *****************
 Defined at:
		line 67 in file "Ap_ini.c"
 Parameters:    Size  Location     Type
		None
 Auto vars:     Size  Location     Type
		None
 Return value:  Size  Location     Type
		None               void
 Registers used:
		wreg, status,2
 Tracked objects:
		On entry : 
		On exit  : 
		Unchanged: 
 Data sizes:     COMRAM   BANK0   BANK1   BANK2   BANK3   BANK4   BANK5   BANK6   BANK7
      Params:         0       0       0       0       0       0       0       0       0
      Locals:         0       0       0       0       0       0       0       0       0
      Temps:          0       0       0       0       0       0       0       0       0
      Totals:         0       0       0       0       0       0       0       0       0
Total ram usage:        0 bytes
 Hardware stack levels used:    1
 Hardware stack levels required when called:    2
 This function calls:
		Nothing
 This function is called by:
		_main
 This function uses a non-reentrant model


 *************** function _timer_ini13 *****************
 Defined at:
		line 37 in file "Ap_ini.c"
 Parameters:    Size  Location     Type
		None
 Auto vars:     Size  Location     Type
		None
 Return value:  Size  Location     Type
		None               void
 Registers used:
		wreg, status,2
 Tracked objects:
		On entry : 
		On exit  : 
		Unchanged: 
 Data sizes:     COMRAM   BANK0   BANK1   BANK2   BANK3   BANK4   BANK5   BANK6   BANK7
      Params:         0       0       0       0       0       0       0       0       0
      Locals:         0       0       0       0       0       0       0       0       0
      Temps:          0       0       0       0       0       0       0       0       0
      Totals:         0       0       0       0       0       0       0       0       0
Total ram usage:        0 bytes
 Hardware stack levels used:    1
 Hardware stack levels required when called:    2
 This function calls:
		Nothing
 This function is called by:
		_main
 This function uses a non-reentrant model


 *************** function _pic_ini13 *****************
 Defined at:
		line 9 in file "Ap_ini.c"
 Parameters:    Size  Location     Type
		None
 Auto vars:     Size  Location     Type
		None
 Return value:  Size  Location     Type
		None               void
 Registers used:
		wreg, status,2
 Tracked objects:
		On entry : 
		On exit  : 
		Unchanged: 
 Data sizes:     COMRAM   BANK0   BANK1   BANK2   BANK3   BANK4   BANK5   BANK6   BANK7
      Params:         0       0       0       0       0       0       0       0       0
      Locals:         0       0       0       0       0       0       0       0       0
      Temps:          0       0       0       0       0       0       0       0       0
      Totals:         0       0       0       0       0       0       0       0       0
Total ram usage:        0 bytes
 Hardware stack levels used:    1
 Hardware stack levels required when called:    2
 This function calls:
		Nothing
 This function is called by:
		_main
 This function uses a non-reentrant model


 *************** function _msg2LCD *****************
 Defined at:
		line 24 in file "../../MisLibrerias/lcd.c"
 Parameters:    Size  Location     Type
  datos           2   17[COMRAM] PTR unsigned char 
		 -> STR_1(8), 
 Auto vars:     Size  Location     Type
		None
 Return value:  Size  Location     Type
		None               void
 Registers used:
		wreg, status,2, status,0, tblptrl, tblptrh, tblptru, cstack
 Tracked objects:
		On entry : 
		On exit  : 
		Unchanged: 
 Data sizes:     COMRAM   BANK0   BANK1   BANK2   BANK3   BANK4   BANK5   BANK6   BANK7
      Params:         2       0       0       0       0       0       0       0       0
      Locals:         0       0       0       0       0       0       0       0       0
      Temps:          0       0       0       0       0       0       0       0       0
      Totals:         2       0       0       0       0       0       0       0       0
Total ram usage:        2 bytes
 Hardware stack levels used:    1
 Hardware stack levels required when called:    4
 This function calls:
		_read_BUSY
		_write_DATA
 This function is called by:
		_main
 This function uses a non-reentrant model


 *************** function _decode *****************
 Defined at:
		line 14 in file "rampa.c"
 Parameters:    Size  Location     Type
  buffer          1    wreg     unsigned char 
 Auto vars:     Size  Location     Type
  buffer          1   15[COMRAM] unsigned char 
  retorno         1   14[COMRAM] unsigned char 
 Return value:  Size  Location     Type
                  1    wreg      unsigned char 
 Registers used:
		wreg, status,2, status,0, tblptrl, tblptrh, tblptru
 Tracked objects:
		On entry : 
		On exit  : 
		Unchanged: 
 Data sizes:     COMRAM   BANK0   BANK1   BANK2   BANK3   BANK4   BANK5   BANK6   BANK7
      Params:         0       0       0       0       0       0       0       0       0
      Locals:         2       0       0       0       0       0       0       0       0
      Temps:          0       0       0       0       0       0       0       0       0
      Totals:         2       0       0       0       0       0       0       0       0
Total ram usage:        2 bytes
 Hardware stack levels used:    1
 Hardware stack levels required when called:    2
 This function calls:
		Nothing
 This function is called by:
		_main
 This function uses a non-reentrant model


 *************** function _char2LCD *****************
 Defined at:
		line 34 in file "../../MisLibrerias/lcd.c"
 Parameters:    Size  Location     Type
  dato            1    wreg     unsigned char 
 Auto vars:     Size  Location     Type
  dato            1   17[COMRAM] unsigned char 
 Return value:  Size  Location     Type
		None               void
 Registers used:
		wreg, status,2, status,0, cstack
 Tracked objects:
		On entry : 
		On exit  : 
		Unchanged: 
 Data sizes:     COMRAM   BANK0   BANK1   BANK2   BANK3   BANK4   BANK5   BANK6   BANK7
      Params:         0       0       0       0       0       0       0       0       0
      Locals:         1       0       0       0       0       0       0       0       0
      Temps:          0       0       0       0       0       0       0       0       0
      Totals:         1       0       0       0       0       0       0       0       0
Total ram usage:        1 bytes
 Hardware stack levels used:    1
 Hardware stack levels required when called:    4
 This function calls:
		_read_BUSY
		_write_DATA
 This function is called by:
		_main
 This function uses a non-reentrant model


 *************** function _write_DATA *****************
 Defined at:
		line 90 in file "../../MisLibrerias/lcd.c"
 Parameters:    Size  Location     Type
  dato            1    wreg     unsigned char 
 Auto vars:     Size  Location     Type
  dato            1   16[COMRAM] unsigned char 
 Return value:  Size  Location     Type
		None               void
 Registers used:
		wreg, status,2, status,0, cstack
 Tracked objects:
		On entry : 
		On exit  : 
		Unchanged: 
 Data sizes:     COMRAM   BANK0   BANK1   BANK2   BANK3   BANK4   BANK5   BANK6   BANK7
      Params:         0       0       0       0       0       0       0       0       0
      Locals:         1       0       0       0       0       0       0       0       0
      Temps:          0       0       0       0       0       0       0       0       0
      Totals:         1       0       0       0       0       0       0       0       0
Total ram usage:        1 bytes
 Hardware stack levels used:    1
 Hardware stack levels required when called:    3
 This function calls:
		_write_LCD
 This function is called by:
		_msg2LCD
		_char2LCD
 This function uses a non-reentrant model


 *************** function _assign_id *****************
 Defined at:
		line 7 in file "rampa.c"
 Parameters:    Size  Location     Type
  id              1    wreg     unsigned char 
 Auto vars:     Size  Location     Type
  id              1   14[COMRAM] unsigned char 
 Return value:  Size  Location     Type
		None               void
 Registers used:
		wreg
 Tracked objects:
		On entry : 
		On exit  : 
		Unchanged: 
 Data sizes:     COMRAM   BANK0   BANK1   BANK2   BANK3   BANK4   BANK5   BANK6   BANK7
      Params:         0       0       0       0       0       0       0       0       0
      Locals:         1       0       0       0       0       0       0       0       0
      Temps:          0       0       0       0       0       0       0       0       0
      Totals:         1       0       0       0       0       0       0       0       0
Total ram usage:        1 bytes
 Hardware stack levels used:    1
 Hardware stack levels required when called:    2
 This function calls:
		Nothing
 This function is called by:
		_main
 This function uses a non-reentrant model


 *************** function ___awmod *****************
 Defined at:
		line 8 in file "/opt/microchip/xc8/v1.33/sources/common/awmod.c"
 Parameters:    Size  Location     Type
  dividend        2   14[COMRAM] int 
  divisor         2   16[COMRAM] int 
 Auto vars:     Size  Location     Type
  sign            1   19[COMRAM] unsigned char 
  counter         1   18[COMRAM] unsigned char 
 Return value:  Size  Location     Type
                  2   14[COMRAM] int 
 Registers used:
		wreg, status,2, status,0, prodl
 Tracked objects:
		On entry : 
		On exit  : 
		Unchanged: 
 Data sizes:     COMRAM   BANK0   BANK1   BANK2   BANK3   BANK4   BANK5   BANK6   BANK7
      Params:         4       0       0       0       0       0       0       0       0
      Locals:         2       0       0       0       0       0       0       0       0
      Temps:          0       0       0       0       0       0       0       0       0
      Totals:         6       0       0       0       0       0       0       0       0
Total ram usage:        6 bytes
 Hardware stack levels used:    1
 Hardware stack levels required when called:    2
 This function calls:
		Nothing
 This function is called by:
		_main
 This function uses a non-reentrant model


 *************** function ___awdiv *****************
 Defined at:
		line 8 in file "/opt/microchip/xc8/v1.33/sources/common/awdiv.c"
 Parameters:    Size  Location     Type
  dividend        2   20[COMRAM] int 
  divisor         2   22[COMRAM] int 
 Auto vars:     Size  Location     Type
  quotient        2   26[COMRAM] int 
  sign            1   25[COMRAM] unsigned char 
  counter         1   24[COMRAM] unsigned char 
 Return value:  Size  Location     Type
                  2   20[COMRAM] int 
 Registers used:
		wreg, status,2, status,0, prodl
 Tracked objects:
		On entry : 
		On exit  : 
		Unchanged: 
 Data sizes:     COMRAM   BANK0   BANK1   BANK2   BANK3   BANK4   BANK5   BANK6   BANK7
      Params:         4       0       0       0       0       0       0       0       0
      Locals:         4       0       0       0       0       0       0       0       0
      Temps:          0       0       0       0       0       0       0       0       0
      Totals:         8       0       0       0       0       0       0       0       0
Total ram usage:        8 bytes
 Hardware stack levels used:    1
 Hardware stack levels required when called:    2
 This function calls:
		Nothing
 This function is called by:
		_main
 This function uses a non-reentrant model


 *************** function _Send_4Disp *****************
 Defined at:
		line 74 in file "Lemos.C"
 Parameters:    Size  Location     Type
  Umil            1    wreg     unsigned char 
  Cent            1   16[COMRAM] unsigned char 
  Dec             1   17[COMRAM] unsigned char 
  Uni             1   18[COMRAM] unsigned char 
 Auto vars:     Size  Location     Type
  Umil            1   19[COMRAM] unsigned char 
 Return value:  Size  Location     Type
		None               void
 Registers used:
		wreg, status,2, status,0, cstack
 Tracked objects:
		On entry : 
		On exit  : 
		Unchanged: 
 Data sizes:     COMRAM   BANK0   BANK1   BANK2   BANK3   BANK4   BANK5   BANK6   BANK7
      Params:         3       0       0       0       0       0       0       0       0
      Locals:         1       0       0       0       0       0       0       0       0
      Temps:          0       0       0       0       0       0       0       0       0
      Totals:         4       0       0       0       0       0       0       0       0
Total ram usage:        4 bytes
 Hardware stack levels used:    1
 Hardware stack levels required when called:    3
 This function calls:
		_Send_Disp
 This function is called by:
		_main
 This function uses a non-reentrant model


 *************** function _Send_Disp *****************
 Defined at:
		line 43 in file "Lemos.C"
 Parameters:    Size  Location     Type
  NroDisp         1    wreg     unsigned char 
  Dato            1   14[COMRAM] unsigned char 
 Auto vars:     Size  Location     Type
  NroDisp         1   15[COMRAM] unsigned char 
 Return value:  Size  Location     Type
		None               void
 Registers used:
		wreg, status,2, status,0
 Tracked objects:
		On entry : 
		On exit  : 
		Unchanged: 
 Data sizes:     COMRAM   BANK0   BANK1   BANK2   BANK3   BANK4   BANK5   BANK6   BANK7
      Params:         1       0       0       0       0       0       0       0       0
      Locals:         1       0       0       0       0       0       0       0       0
      Temps:          0       0       0       0       0       0       0       0       0
      Totals:         2       0       0       0       0       0       0       0       0
Total ram usage:        2 bytes
 Hardware stack levels used:    1
 Hardware stack levels required when called:    2
 This function calls:
		Nothing
 This function is called by:
		_Send_4Disp
 This function uses a non-reentrant model


 *************** function _LCD_init *****************
 Defined at:
		line 60 in file "../../MisLibrerias/lcd.c"
 Parameters:    Size  Location     Type
		None
 Auto vars:     Size  Location     Type
		None
 Return value:  Size  Location     Type
		None               void
 Registers used:
		wreg, status,2, status,0, cstack
 Tracked objects:
		On entry : 
		On exit  : 
		Unchanged: 
 Data sizes:     COMRAM   BANK0   BANK1   BANK2   BANK3   BANK4   BANK5   BANK6   BANK7
      Params:         0       0       0       0       0       0       0       0       0
      Locals:         0       0       0       0       0       0       0       0       0
      Temps:          0       0       0       0       0       0       0       0       0
      Totals:         0       0       0       0       0       0       0       0       0
Total ram usage:        0 bytes
 Hardware stack levels used:    1
 Hardware stack levels required when called:    4
 This function calls:
		_read_BUSY
		_write_CMD
 This function is called by:
		_main
 This function uses a non-reentrant model


 *************** function _write_CMD *****************
 Defined at:
		line 99 in file "../../MisLibrerias/lcd.c"
 Parameters:    Size  Location     Type
  dato            1    wreg     unsigned char 
 Auto vars:     Size  Location     Type
  dato            1   16[COMRAM] unsigned char 
 Return value:  Size  Location     Type
		None               void
 Registers used:
		wreg, status,2, status,0, cstack
 Tracked objects:
		On entry : 
		On exit  : 
		Unchanged: 
 Data sizes:     COMRAM   BANK0   BANK1   BANK2   BANK3   BANK4   BANK5   BANK6   BANK7
      Params:         0       0       0       0       0       0       0       0       0
      Locals:         1       0       0       0       0       0       0       0       0
      Temps:          0       0       0       0       0       0       0       0       0
      Totals:         1       0       0       0       0       0       0       0       0
Total ram usage:        1 bytes
 Hardware stack levels used:    1
 Hardware stack levels required when called:    3
 This function calls:
		_write_LCD
 This function is called by:
		_LCD_init
		_clear_LCD
		_ret_HOME
		_set_CURSOR
 This function uses a non-reentrant model


 *************** function _write_LCD *****************
 Defined at:
		line 108 in file "../../MisLibrerias/lcd.c"
 Parameters:    Size  Location     Type
  dato            1    wreg     unsigned char 
 Auto vars:     Size  Location     Type
  dato            1   14[COMRAM] unsigned char 
  aux             1   15[COMRAM] unsigned char 
 Return value:  Size  Location     Type
		None               void
 Registers used:
		wreg, status,2, status,0
 Tracked objects:
		On entry : 
		On exit  : 
		Unchanged: 
 Data sizes:     COMRAM   BANK0   BANK1   BANK2   BANK3   BANK4   BANK5   BANK6   BANK7
      Params:         0       0       0       0       0       0       0       0       0
      Locals:         2       0       0       0       0       0       0       0       0
      Temps:          0       0       0       0       0       0       0       0       0
      Totals:         2       0       0       0       0       0       0       0       0
Total ram usage:        2 bytes
 Hardware stack levels used:    1
 Hardware stack levels required when called:    2
 This function calls:
		Nothing
 This function is called by:
		_write_DATA
		_write_CMD
 This function uses a non-reentrant model


 *************** function _read_BUSY *****************
 Defined at:
		line 129 in file "../../MisLibrerias/lcd.c"
 Parameters:    Size  Location     Type
		None
 Auto vars:     Size  Location     Type
  aux             1   14[COMRAM] unsigned char 
 Return value:  Size  Location     Type
		None               void
 Registers used:
		wreg, status,2, status,0
 Tracked objects:
		On entry : 
		On exit  : 
		Unchanged: 
 Data sizes:     COMRAM   BANK0   BANK1   BANK2   BANK3   BANK4   BANK5   BANK6   BANK7
      Params:         0       0       0       0       0       0       0       0       0
      Locals:         1       0       0       0       0       0       0       0       0
      Temps:          0       0       0       0       0       0       0       0       0
      Totals:         1       0       0       0       0       0       0       0       0
Total ram usage:        1 bytes
 Hardware stack levels used:    1
 Hardware stack levels required when called:    2
 This function calls:
		Nothing
 This function is called by:
		_msg2LCD
		_char2LCD
		_LCD_init
		_clear_LCD
		_ret_HOME
		_set_CURSOR
 This function uses a non-reentrant model


 *************** function _myISR *****************
 Defined at:
		line 99 in file "main.c"
 Parameters:    Size  Location     Type
		None
 Auto vars:     Size  Location     Type
		None
 Return value:  Size  Location     Type
		None               void
 Registers used:
		wreg, status,2, status,0, prodl, cstack
 Tracked objects:
		On entry : 
		On exit  : 
		Unchanged: 
 Data sizes:     COMRAM   BANK0   BANK1   BANK2   BANK3   BANK4   BANK5   BANK6   BANK7
      Params:         0       0       0       0       0       0       0       0       0
      Locals:         0       0       0       0       0       0       0       0       0
      Temps:         14       0       0       0       0       0       0       0       0
      Totals:        14       0       0       0       0       0       0       0       0
Total ram usage:       14 bytes
 Hardware stack levels used:    1
 Hardware stack levels required when called:    1
 This function calls:
		_LCD_tic
		_RAMPA_tic
		_tic_timer0
 This function is called by:
		Interrupt level 2
 This function uses a non-reentrant model


 *************** function _tic_timer0 *****************
 Defined at:
		line 117 in file "Lemos.C"
 Parameters:    Size  Location     Type
		None
 Auto vars:     Size  Location     Type
		None
 Return value:  Size  Location     Type
		None               void
 Registers used:
		wreg, status,2, status,0
 Tracked objects:
		On entry : 
		On exit  : 
		Unchanged: 
 Data sizes:     COMRAM   BANK0   BANK1   BANK2   BANK3   BANK4   BANK5   BANK6   BANK7
      Params:         0       0       0       0       0       0       0       0       0
      Locals:         0       0       0       0       0       0       0       0       0
      Temps:          0       0       0       0       0       0       0       0       0
      Totals:         0       0       0       0       0       0       0       0       0
Total ram usage:        0 bytes
 Hardware stack levels used:    1
 This function calls:
		Nothing
 This function is called by:
		_myISR
 This function uses a non-reentrant model


 *************** function _RAMPA_tic *****************
 Defined at:
		line 10 in file "rampa.c"
 Parameters:    Size  Location     Type
		None
 Auto vars:     Size  Location     Type
		None
 Return value:  Size  Location     Type
		None               void
 Registers used:
		wreg, status,2, status,0, prodl
 Tracked objects:
		On entry : 
		On exit  : 
		Unchanged: 
 Data sizes:     COMRAM   BANK0   BANK1   BANK2   BANK3   BANK4   BANK5   BANK6   BANK7
      Params:         0       0       0       0       0       0       0       0       0
      Locals:         0       0       0       0       0       0       0       0       0
      Temps:          0       0       0       0       0       0       0       0       0
      Totals:         0       0       0       0       0       0       0       0       0
Total ram usage:        0 bytes
 Hardware stack levels used:    1
 This function calls:
		Nothing
 This function is called by:
		_myISR
 This function uses a non-reentrant model


 *************** function _LCD_tic *****************
 Defined at:
		line 149 in file "../../MisLibrerias/lcd.c"
 Parameters:    Size  Location     Type
		None
 Auto vars:     Size  Location     Type
		None
 Return value:  Size  Location     Type
		None               void
 Registers used:
		wreg, status,2, status,0
 Tracked objects:
		On entry : 
		On exit  : 
		Unchanged: 
 Data sizes:     COMRAM   BANK0   BANK1   BANK2   BANK3   BANK4   BANK5   BANK6   BANK7
      Params:         0       0       0       0       0       0       0       0       0
      Locals:         0       0       0       0       0       0       0       0       0
      Temps:          0       0       0       0       0       0       0       0       0
      Totals:         0       0       0       0       0       0       0       0       0
Total ram usage:        0 bytes
 Hardware stack levels used:    1
 This function calls:
		Nothing
 This function is called by:
		_myISR
 This function uses a non-reentrant model



MODULE INFORMATION

Module		Function		Class		Link	Load	Size
rampa.c
		_decode        		CODE           	7B82	0000	98
		_RAMPA_tic     		CODE           	79D8	0000	26
		_assign_id     		CODE           	7996	0000	8

rampa.c estimated size: 132

Ap_ini.c
		_pic_ini13     		CODE           	7ACC	0000	48
		_timer_ini13   		CODE           	79F2	0000	26
		_usart_ini13   		CODE           	7A76	0000	40

Ap_ini.c estimated size: 114

/opt/microchip/xc8/v1.33/sources/common/awmod.c
		___awmod       		CODE           	7D7C	0000	144

/opt/microchip/xc8/v1.33/sources/common/awmod.c estimated size: 144

../../MisLibrerias/lcd.c
		_write_DATA    		CODE           	79AC	0000	14
		_char2LCD      		CODE           	79BA	0000	14
		_msg2LCD       		CODE           	7A9E	0000	46
		_write_CMD     		CODE           	799E	0000	14
		_LCD_init      		CODE           	7C64	0000	136
		_LCD_tic       		CODE           	79C8	0000	16
		_write_LCD     		CODE           	7A4E	0000	40
		_read_BUSY     		CODE           	7A28	0000	38

../../MisLibrerias/lcd.c estimated size: 318

/opt/microchip/xc8/v1.33/sources/common/awdiv.c
		___awdiv       		CODE           	7E0C	0000	164

/opt/microchip/xc8/v1.33/sources/common/awdiv.c estimated size: 164

Lemos.C
		_tic_timer0    		CODE           	7A0C	0000	28
		_Send_Disp     		CODE           	7B32	0000	80
		_Send_4Disp    		CODE           	7BE4	0000	128

Lemos.C estimated size: 236

shared
		__stringdata   		SMALLCONST     	201E	0000	8
		__initializatio		CODE           	7AFC	0000	44
		_broadcast_id  		SMALLCONST     	201D	0000	1

shared estimated size: 53

main.c
		_myISR         		CODE           	2008	0000	23924
		_main          		CODE           	7EB0	0000	336

main.c estimated size: 24260

