Microchip MPLAB XC8 Compiler V1.33 ()

Linker command line:

--edf=/opt/microchip/xc8/v1.33/dat/en_msgs.txt -cs \
  -h+dist/default/production/RAMPA_USART_LCD_PWM.X.production.sym \
  --cmf=dist/default/production/RAMPA_USART_LCD_PWM.X.production.cmf -z \
  -Q18F4550 -o/tmp/cgtJ60Bth \
  -Mdist/default/production/RAMPA_USART_LCD_PWM.X.production.map -E1 \
  -ver=XC8 -ASTACK=060h-07ffh -pstack=STACK \
  -ACODE=02000h-02005h,02008h-02015h,02018h-07FFFh \
  -ACONST=02000h-02005h,02008h-02015h,02018h-07FFFh \
  -ASMALLCONST=02000h-02005h,02008h-02015h,02018h-020FFh,02100h-021FFhx95 \
  -AMEDIUMCONST=02000h-02005h,02008h-02015h,02018h-07FFFh -ACOMRAM=01h-05Fh \
  -AABS1=00h-07FFh -ABIGRAM=01h-07FFh -ARAM=060h-0FFh,0100h-01FFhx7 \
  -ABANK0=060h-0FFh -ABANK1=0100h-01FFh -ABANK2=0200h-02FFh \
  -ABANK3=0300h-03FFh -ABANK4=0400h-04FFh -ABANK5=0500h-05FFh \
  -ABANK6=0600h-06FFh -ABANK7=0700h-07FFh -ASFR=0F60h-0FFFh \
  -preset_vec=02000h,intcode=02008h,intcodelo,powerup,init,end_init \
  -pramtop=0800h -psmallconst=SMALLCONST -pmediumconst=MEDIUMCONST \
  -pconst=CONST -AFARRAM=00h-00h -ACONFIG=0300000h-030000Dh -pconfig=CONFIG \
  -AIDLOC=0200000h-0200007h -pidloc=IDLOC -AEEDATA=0F00000h-0F000FFh \
  -peeprom_data=EEDATA \
  -prdata=COMRAM,nvrram=COMRAM,nvbit=COMRAM,rbss=COMRAM,rbit=COMRAM \
  -pfarbss=FARRAM,fardata=FARRAM,nvFARRAM=FARRAM \
  -pintsave_regs=BIGRAM,bigbss=BIGRAM,bigdata=BIGRAM -pbss=RAM \
  -pidata=CODE,irdata=CODE,ibigdata=CODE,ifardata=CODE /tmp/cgts8sea7.obj \
  dist/default/production/RAMPA_USART_LCD_PWM.X.production.obj 

Object code version is 3.11

Machine type is 18F4550

Call graph: (short form)




                Name                               Link     Load   Length Selector   Space Scale
/tmp/cgts8sea7.obj
                end_init                           2018     2018        4     1004       0
                reset_vec                          2000     2000        4     1000       0
                idloc                            200000   200000        8   200000       0
                config                           300000   300000        E   300000       0
dist/default/production/RAMPA_USART_LCD_PWM.X.production.obj
                intcode                            2008     2008       10     1004       0
                smallconst                         201C     201C        4     100E       0
                text16                             7AE8     7AE8       12     3D74       0
                text15                             7B38     7B38       1C     3D9C       0
                intcode_body                       7DF0     7DF0       A6     3EF8       0
                text13                             7C5C     7C5C       50     3E2E       0
                text12                             7D70     7D70       80     3EB8       0
                text11                             7CAC     7CAC       52     3E56       0
                text10                             7C1A     7C1A       42     3E0D       0
                text9                              7AD0     7AD0        8     3D68       0
                text8                              7CFE     7CFE       72     3E7F       0
                text7                              7AD8     7AD8       10     3D6C       0
                text6                              7BE0     7BE0       3A     3DF0       0
                text5                              7B7C     7B7C       30     3DBE       0
                text4                              7AFA     7AFA       12     3D7D       0
                text3                              7B0C     7B0C       12     3D86       0
                text2                              7B1E     7B1E       1A     3D8F       0
                text1                              7B54     7B54       28     3DAA       0
                text0                              7E96     7E96      16A     3F4B       0
                cstackCOMRAM                          1        1       26        1       1
                dataCOMRAM                           38       38        3        1       1
                bssCOMRAM                            27       27       11        1       1
                cinit                              7BAC     7BAC       34     3DD6       0
                nvCOMRAM                             3B       3B        1        1       1
                idataCOMRAM                        7ACD     7ACD        3     7ACD       0

TOTAL           Name                               Link     Load   Length     Space
        CLASS   STACK          

        CLASS   CODE           
                end_init                           2018     2018        4         0
                intcode                            2008     2008       10         0
                reset_vec                          2000     2000        4         0
                text16                             7AE8     7AE8       12         0
                text15                             7B38     7B38       1C         0
                intcode_body                       7DF0     7DF0       A6         0
                text13                             7C5C     7C5C       50         0
                text12                             7D70     7D70       80         0
                text11                             7CAC     7CAC       52         0
                text10                             7C1A     7C1A       42         0
                text9                              7AD0     7AD0        8         0
                text8                              7CFE     7CFE       72         0
                text7                              7AD8     7AD8       10         0
                text6                              7BE0     7BE0       3A         0
                text5                              7B7C     7B7C       30         0
                text4                              7AFA     7AFA       12         0
                text3                              7B0C     7B0C       12         0
                text2                              7B1E     7B1E       1A         0
                text1                              7B54     7B54       28         0
                text0                              7E96     7E96      16A         0
                cinit                              7BAC     7BAC       34         0
                idataCOMRAM                        7ACD     7ACD        3         0

        CLASS   CONST          

        CLASS   SMALLCONST     
                smallconst                         201C     201C        4         0

        CLASS   MEDIUMCONST    

        CLASS   COMRAM         
                cstackCOMRAM                          1        1       26         1
                dataCOMRAM                           38       38        3         1
                bssCOMRAM                            27       27       11         1
                nvCOMRAM                             3B       3B        1         1

        CLASS   ABS1           

        CLASS   BIGRAM         

        CLASS   RAM            

        CLASS   BANK0          

        CLASS   BANK1          

        CLASS   BANK2          

        CLASS   BANK3          

        CLASS   BANK4          

        CLASS   BANK5          

        CLASS   BANK6          

        CLASS   BANK7          

        CLASS   SFR            

        CLASS   FARRAM         

        CLASS   CONFIG         
                config                           300000   300000        E         0

        CLASS   IDLOC          
                idloc                            200000   200000        8         0

        CLASS   EEDATA         



SEGMENTS        Name                           Load    Length   Top    Selector   Space  Class

                cstackCOMRAM                   000001  00003B  00003C         1       1  COMRAM  
                reset_vec                      002000  000004  002004      1000       0  CODE    
                intcode                        002008  000014  00201C      1004       0  CODE    
                smallconst                     00201C  000004  002020      100E       0  SMALLCON
                idataCOMRAM                    007ACD  000003  007AD0      7ACD       0  CODE    
                text9                          007AD0  000008  007AD8      3D68       0  CODE    
                text7                          007AD8  000010  007AE8      3D6C       0  CODE    
                text16                         007AE8  000012  007AFA      3D74       0  CODE    
                text4                          007AFA  000012  007B0C      3D7D       0  CODE    
                text3                          007B0C  000012  007B1E      3D86       0  CODE    
                text2                          007B1E  00001A  007B38      3D8F       0  CODE    
                text15                         007B38  00001C  007B54      3D9C       0  CODE    
                text1                          007B54  000028  007B7C      3DAA       0  CODE    
                text5                          007B7C  000030  007BAC      3DBE       0  CODE    
                cinit                          007BAC  000034  007BE0      3DD6       0  CODE    
                text6                          007BE0  00003A  007C1A      3DF0       0  CODE    
                text10                         007C1A  000042  007C5C      3E0D       0  CODE    
                text13                         007C5C  000050  007CAC      3E2E       0  CODE    
                text11                         007CAC  000052  007CFE      3E56       0  CODE    
                text8                          007CFE  000072  007D70      3E7F       0  CODE    
                text12                         007D70  000080  007DF0      3EB8       0  CODE    
                intcode_body                   007DF0  0000A6  007E96      3EF8       0  CODE    
                text0                          007E96  00016A  008000      3F4B       0  CODE    
                idloc                          200000  000008  200008    200000       0  IDLOC   
                config                         300000  00000E  30000E    300000       0  CONFIG  


UNUSED ADDRESS RANGES

        Name                Unused          Largest block    Delta
        BANK0            000060-0000FF               A0
        BANK1            000100-0001FF              100
        BANK2            000200-0002FF              100
        BANK3            000300-0003FF              100
        BANK4            000400-0004FF              100
        BANK5            000500-0005FF              100
        BANK6            000600-0006FF              100
        BANK7            000700-0007FF              100
        BIGRAM           00003C-0007FF              7C4
        CODE             002004-002005                2
                         002020-007ACC             5AAD
        COMRAM           00003C-00005F               24
        CONST            002004-002005                2
                         002020-007ACC             5AAD
        EEDATA           F00000-F000FF              100
        FARRAM           000000-000000                1
        MEDIUMCONST      002004-002005                2
                         002020-007ACC             5AAD
        RAM              000060-0007FF              100
        SFR              000F60-000FFF               A0
        SMALLCONST       002004-002005                2
                         002020-007ACC              100
        STACK            000060-0007FF              7A0

                                  Symbol Table

?___lwdiv                   cstackCOMRAM 000014
?___lwmod                   cstackCOMRAM 00000F
Send_4Disp@Cent             cstackCOMRAM 000011
Send_4Disp@Dec              cstackCOMRAM 000012
Send_4Disp@Nro_Disp         dataCOMRAM   000038
Send_4Disp@Umil             cstackCOMRAM 000014
Send_4Disp@Uni              cstackCOMRAM 000013
Send_Disp@Dato              cstackCOMRAM 00000F
Send_Disp@NroDisp           cstackCOMRAM 000010
_ADCON1                     (abs)        000FC1
_BAUDCONbits                (abs)        000FB8
_CCP1CONbits                (abs)        000FBD
_CCPR1L                     (abs)        000FBE
_CENT                       bssCOMRAM    00002D
_CMCON                      (abs)        000FB4
_DEC                        bssCOMRAM    00002E
_INT0IF                     (abs)        007F91
_INTCON2bits                (abs)        000FF1
_INTCONbits                 (abs)        000FF2
_LATA                       (abs)        000F89
_LATAbits                   (abs)        000F89
_LATB                       (abs)        000F8A
_LATBbits                   (abs)        000F8A
_LATC                       (abs)        000F8B
_LATCbits                   (abs)        000F8B
_LATD                       (abs)        000F8C
_LATDbits                   (abs)        000F8C
_LATE                       (abs)        000F8D
_LATEbits                   (abs)        000F8D
_LCD_tout                   bssCOMRAM    000027
_MEMDIG                     dataCOMRAM   000039
_PIE1bits                   (abs)        000F9D
_PIR1bits                   (abs)        000F9E
_PORTBbits                  (abs)        000F81
_PR2                        (abs)        000FCB
_RAMPA_tic                  text16       007AE8
_RCIF                       (abs)        007CF5
_RCREG                      (abs)        000FAE
_RCSTAbits                  (abs)        000FAB
_SPBRG                      (abs)        000FAF
_SPBRGH                     (abs)        000FB0
_Send_4Disp                 text12       007D70
_Send_Disp                  text13       007C5C
_T0CONbits                  (abs)        000FD5
_T1CONbits                  (abs)        000FCD
_T2CONbits                  (abs)        000FCA
_TMR0H                      (abs)        000FD7
_TMR0IF                     (abs)        007F92
_TMR0L                      (abs)        000FD6
_TMR1H                      (abs)        000FCF
_TMR1IF                     (abs)        007CF0
_TMR1L                      (abs)        000FCE
_TRISA                      (abs)        000F92
_TRISB                      (abs)        000F93
_TRISBbits                  (abs)        000F93
_TRISCbits                  (abs)        000F94
_TRISD                      (abs)        000F95
_TRISE                      (abs)        000F96
_TXREG                      (abs)        000FAD
_TXSTAbits                  (abs)        000FAC
_UMIL                       bssCOMRAM    00002F
_UNI                        bssCOMRAM    000030
__CFG_BOR$ON                (abs)        000000
__CFG_BORV$3                (abs)        000000
__CFG_CP0$OFF               (abs)        000000
__CFG_CP1$OFF               (abs)        000000
__CFG_CPB$OFF               (abs)        000000
__CFG_CPUDIV$OSC1_PLL2      (abs)        000000
__CFG_EBTR0$OFF             (abs)        000000
__CFG_EBTR1$OFF             (abs)        000000
__CFG_EBTRB$OFF             (abs)        000000
__CFG_FCMEN$OFF             (abs)        000000
__CFG_FOSC$HSPLL_HS         (abs)        000000
__CFG_IESO$OFF              (abs)        000000
__CFG_LPT1OSC$OFF           (abs)        000000
__CFG_LVP$OFF               (abs)        000000
__CFG_MCLRE$ON              (abs)        000000
__CFG_PBADEN$OFF            (abs)        000000
__CFG_PLLDIV$5              (abs)        000000
__CFG_PWRT$OFF              (abs)        000000
__CFG_STVREN$ON             (abs)        000000
__CFG_USBDIV$2              (abs)        000000
__CFG_VREGEN$ON             (abs)        000000
__CFG_WDT$OFF               (abs)        000000
__CFG_WDTPS$32768           (abs)        000000
__CFG_WRT0$OFF              (abs)        000000
__CFG_WRT1$OFF              (abs)        000000
__CFG_WRTB$OFF              (abs)        000000
__CFG_WRTC$OFF              (abs)        000000
__CFG_XINST$OFF             (abs)        000000
__HRAM                      (abs)        000000
__Habs1                     abs1         000000
__Hbank0                    bank0        000000
__Hbank1                    bank1        000000
__Hbank2                    bank2        000000
__Hbank3                    bank3        000000
__Hbank4                    bank4        000000
__Hbank5                    bank5        000000
__Hbank6                    bank6        000000
__Hbank7                    bank7        000000
__Hbigbss                   bigbss       000000
__Hbigdata                  bigdata      000000
__Hbigram                   bigram       000000
__Hbss                      bss          000000
__HbssCOMRAM                bssCOMRAM    000000
__Hcinit                    cinit        000000
__Hclrtext                  clrtext      000000
__Hcomram                   comram       000000
__Hconfig                   config       30000E
__Hconst                    const        000000
__HcstackCOMRAM             cstackCOMRAM 000000
__Hdata                     data         000000
__HdataCOMRAM               dataCOMRAM   000000
__Heeprom_data              eeprom_data  000000
__Hend_init                 end_init     00201C
__Hfarbss                   farbss       000000
__Hfardata                  fardata      000000
__Hibigdata                 ibigdata     000000
__Hidata                    idata        000000
__HidataCOMRAM              idataCOMRAM  000000
__Hidloc                    idloc        200008
__Hifardata                 ifardata     000000
__Hinit                     init         002018
__Hintcode                  intcode      002018
__Hintcode_body             intcode_body 000000
__Hintcodelo                intcodelo    002018
__Hintentry                 intentry     000000
__Hintret                   intret       000000
__Hintsave_regs             intsave_regs 000000
__Hirdata                   irdata       000000
__Hmediumconst              mediumconst  000000
__HnvCOMRAM                 nvCOMRAM     000000
__HnvFARRAM                 nvFARRAM     000000
__Hnvbit                    nvbit        000000
__Hnvrram                   nvrram       000000
__Hparam                    rparam       000000
__Hpowerup                  powerup      002018
__Hram                      ram          000000
__Hramtop                   ramtop       000800
__Hrbit                     rbit         000000
__Hrbss                     rbss         000000
__Hrdata                    rdata        000000
__Hreset_vec                reset_vec    002004
__Hrparam                   rparam       000000
__Hsfr                      sfr          000000
__Hsmallconst               smallconst   002020
__Hspace_0                  (abs)        30000E
__Hspace_1                  (abs)        00003C
__Hspace_2                  (abs)        000000
__Hstack                    stack        000000
__Hstruct                   struct       000000
__Htemp                     temp         000000
__Htext                     text         000000
__Htext0                    text0        000000
__Htext1                    text1        000000
__Htext10                   text10       000000
__Htext11                   text11       000000
__Htext12                   text12       000000
__Htext13                   text13       000000
__Htext15                   text15       000000
__Htext16                   text16       000000
__Htext2                    text2        000000
__Htext3                    text3        000000
__Htext4                    text4        000000
__Htext5                    text5        000000
__Htext6                    text6        000000
__Htext7                    text7        000000
__Htext8                    text8        000000
__Htext9                    text9        000000
__LRAM                      (abs)        000001
__Labs1                     abs1         000000
__Lbank0                    bank0        000000
__Lbank1                    bank1        000000
__Lbank2                    bank2        000000
__Lbank3                    bank3        000000
__Lbank4                    bank4        000000
__Lbank5                    bank5        000000
__Lbank6                    bank6        000000
__Lbank7                    bank7        000000
__Lbigbss                   bigbss       000000
__Lbigdata                  bigdata      000000
__Lbigram                   bigram       000000
__Lbss                      bss          000000
__LbssCOMRAM                bssCOMRAM    000000
__Lcinit                    cinit        000000
__Lclrtext                  clrtext      000000
__Lcomram                   comram       000000
__Lconfig                   config       300000
__Lconst                    const        000000
__LcstackCOMRAM             cstackCOMRAM 000000
__Ldata                     data         000000
__LdataCOMRAM               dataCOMRAM   000000
__Leeprom_data              eeprom_data  000000
__Lend_init                 end_init     002018
__Lfarbss                   farbss       000000
__Lfardata                  fardata      000000
__Libigdata                 ibigdata     000000
__Lidata                    idata        000000
__LidataCOMRAM              idataCOMRAM  000000
__Lidloc                    idloc        200000
__Lifardata                 ifardata     000000
__Linit                     init         002018
__Lintcode                  intcode      002008
__Lintcode_body             intcode_body 000000
__Lintcodelo                intcodelo    002018
__Lintentry                 intentry     000000
__Lintret                   intret       000000
__Lintsave_regs             intsave_regs 000000
__Lirdata                   irdata       000000
__Lmediumconst              mediumconst  000000
__LnvCOMRAM                 nvCOMRAM     000000
__LnvFARRAM                 nvFARRAM     000000
__Lnvbit                    nvbit        000000
__Lnvrram                   nvrram       000000
__Lparam                    rparam       000000
__Lpowerup                  powerup      002018
__Lram                      ram          000000
__Lramtop                   ramtop       000800
__Lrbit                     rbit         000000
__Lrbss                     rbss         000000
__Lrdata                    rdata        000000
__Lreset_vec                reset_vec    002000
__Lrparam                   rparam       000000
__Lsfr                      sfr          000000
__Lsmallconst               smallconst   00201C
__Lspace_0                  (abs)        000000
__Lspace_1                  (abs)        000000
__Lspace_2                  (abs)        000000
__Lstack                    stack        000000
__Lstruct                   struct       000000
__Ltemp                     temp         000000
__Ltext                     text         000000
__Ltext0                    text0        000000
__Ltext1                    text1        000000
__Ltext10                   text10       000000
__Ltext11                   text11       000000
__Ltext12                   text12       000000
__Ltext13                   text13       000000
__Ltext15                   text15       000000
__Ltext16                   text16       000000
__Ltext2                    text2        000000
__Ltext3                    text3        000000
__Ltext4                    text4        000000
__Ltext5                    text5        000000
__Ltext6                    text6        000000
__Ltext7                    text7        000000
__Ltext8                    text8        000000
__Ltext9                    text9        000000
__S0                        (abs)        30000E
__S1                        (abs)        00003C
__S2                        (abs)        000000
___inthi_sp                 stack        000000
___intlo_sp                 stack        000000
___lwdiv                    text11       007CAC
___lwdiv@counter            cstackCOMRAM 00001A
___lwdiv@dividend           cstackCOMRAM 000014
___lwdiv@divisor            cstackCOMRAM 000016
___lwdiv@quotient           cstackCOMRAM 000018
___lwmod                    text10       007C1A
___lwmod@counter            cstackCOMRAM 000013
___lwmod@dividend           cstackCOMRAM 00000F
___lwmod@divisor            cstackCOMRAM 000011
___sp                       stack        000000
__accesstop                 (abs)        000060
__activetblptr              (abs)        000002
__end_of_RAMPA_tic          text16       007AFA
__end_of_Send_4Disp         text12       007DF0
__end_of_Send_Disp          text13       007CAC
__end_of___lwdiv            text11       007CFE
__end_of___lwmod            text10       007C5C
__end_of__initialization    cinit        007BD6
__end_of_assign_id          text9        007AD8
__end_of_broadcast_id       smallconst   00201E
__end_of_decode             text8        007D70
__end_of_informar           text6        007C1A
__end_of_main               text0        008000
__end_of_myISR              intcode_body 007E96
__end_of_pic_ini13          text5        007BAC
__end_of_rampa_ini13        text4        007B0C
__end_of_tic_timer0         text15       007B54
__end_of_timer1_ini13       text3        007B1E
__end_of_timer_ini13        text2        007B38
__end_of_transmitir         text7        007AE8
__end_of_usart_ini13        text1        007B7C
__initialization            cinit        007BAC
__mediumconst               mediumconst  000000
__pbssCOMRAM                bssCOMRAM    000027
__pcinit                    cinit        007BAC
__pcstackCOMRAM             cstackCOMRAM 000001
__pdataCOMRAM               dataCOMRAM   000038
__pidataCOMRAM              idataCOMRAM  007ACD
__pintcode                  intcode      002008
__pintcode_body             intcode_body 007DF0
__pnvCOMRAM                 nvCOMRAM     00003B
__psmallconst               smallconst   00201C
__ptext0                    text0        007E96
__ptext1                    text1        007B54
__ptext10                   text10       007C1A
__ptext11                   text11       007CAC
__ptext12                   text12       007D70
__ptext13                   text13       007C5C
__ptext15                   text15       007B38
__ptext16                   text16       007AE8
__ptext2                    text2        007B1E
__ptext3                    text3        007B0C
__ptext4                    text4        007AFA
__ptext5                    text5        007B7C
__ptext6                    text6        007BE0
__ptext7                    text7        007AD8
__ptext8                    text8        007CFE
__ptext9                    text9        007AD0
__ramtop                    ramtop       000800
__size_of_RAMPA_tic         (abs)        000000
__size_of_Send_4Disp        (abs)        000000
__size_of_Send_Disp         (abs)        000000
__size_of___lwdiv           (abs)        000000
__size_of___lwmod           (abs)        000000
__size_of_assign_id         (abs)        000000
__size_of_decode            (abs)        000000
__size_of_informar          (abs)        000000
__size_of_main              (abs)        000000
__size_of_myISR             (abs)        000000
__size_of_pic_ini13         (abs)        000000
__size_of_rampa_ini13       (abs)        000000
__size_of_tic_timer0        (abs)        000000
__size_of_timer1_ini13      (abs)        000000
__size_of_timer_ini13       (abs)        000000
__size_of_transmitir        (abs)        000000
__size_of_usart_ini13       (abs)        000000
__smallconst                smallconst   00201C
_assign_id                  text9        007AD0
_bot_tout                   bssCOMRAM    000031
_broadcast_id               smallconst   00201D
_caracter_recibido          bssCOMRAM    000032
_decode                     text8        007CFE
_informar                   text6        007BE0
_led_tout                   bssCOMRAM    000029
_main                       text0        007E96
_mux_tout                   bssCOMRAM    000033
_myISR                      intcode      002008
_pic_ini13                  text5        007B7C
_rampa_ini13                text4        007AFA
_rampa_status               bssCOMRAM    000034
_slave_id                   nvCOMRAM     00003B
_tic_timer0                 text15       007B38
_tiempo_rampa               bssCOMRAM    00002B
_timer1_ini13               text3        007B0C
_timer_ini13                text2        007B1E
_transmitir                 text7        007AD8
_usart_ini13                text1        007B54
assign_id@id                cstackCOMRAM 00000F
decode@com_rec              bssCOMRAM    000035
decode@dato_a_decod         cstackCOMRAM 000010
decode@est_rec              bssCOMRAM    000036
decode@retorno              cstackCOMRAM 00000F
end_of_initialization       cinit        007BD6
informar@dato               cstackCOMRAM 000010
informar@i                  cstackCOMRAM 000013
informar@longitud           cstackCOMRAM 000012
int_func                    intcode_body 007DF0
intlevel0                   text         000000
intlevel1                   text         000000
intlevel2                   text         000000
intlevel3                   text         000000
leds@i                      dataCOMRAM   00003A
main@backup_tiempo_rampa    cstackCOMRAM 00001F
main@backup_ultimo_caracter cstackCOMRAM 000021
main@broadcast_flag         cstackCOMRAM 000022
main@cent                   cstackCOMRAM 00001D
main@dec                    cstackCOMRAM 00001C
main@mil                    cstackCOMRAM 00001E
main@paquete                cstackCOMRAM 000023
main@seg                    cstackCOMRAM 00001B
mux_display@contdisp        bssCOMRAM    000037
stackhi                     (abs)        0007FF
stacklo                     (abs)        000060
start                       init         002018
start_initialization        cinit        007BAC
transmitir@Dato             cstackCOMRAM 00000F


FUNCTION INFORMATION:

 *************** function _main *****************
 Defined at:
		line 35 in file "main.c"
 Parameters:    Size  Location     Type
		None
 Auto vars:     Size  Location     Type
  paquete         4   34[COMRAM] unsigned char [4]
  backup_tiemp    2   30[COMRAM] unsigned int 
  broadcast_fl    1   33[COMRAM] unsigned char 
  backup_ultim    1   32[COMRAM] unsigned char 
  mil             1   29[COMRAM] unsigned char 
  cent            1   28[COMRAM] unsigned char 
  dec             1   27[COMRAM] unsigned char 
  seg             1   26[COMRAM] unsigned char 
 Return value:  Size  Location     Type
		None               void
 Registers used:
		wreg, fsr2l, fsr2h, status,2, status,0, tblptrl, tblptrh, tblptru, prodl, prodh, cstack
 Tracked objects:
		On entry : 
		On exit  : 
		Unchanged: 
 Data sizes:     COMRAM   BANK0   BANK1   BANK2   BANK3   BANK4   BANK5   BANK6   BANK7
      Params:         0       0       0       0       0       0       0       0       0
      Locals:        12       0       0       0       0       0       0       0       0
      Temps:          0       0       0       0       0       0       0       0       0
      Totals:        12       0       0       0       0       0       0       0       0
Total ram usage:       12 bytes
 Hardware stack levels required when called:    4
 This function calls:
		_Send_4Disp
		___lwdiv
		___lwmod
		_assign_id
		_decode
		_informar
		_pic_ini13
		_rampa_ini13
		_timer1_ini13
		_timer_ini13
		_usart_ini13
 This function is called by:
		Startup code after reset
 This function uses a non-reentrant model


 *************** function _usart_ini13 *****************
 Defined at:
		line 77 in file "Ap_ini.c"
 Parameters:    Size  Location     Type
		None
 Auto vars:     Size  Location     Type
		None
 Return value:  Size  Location     Type
		None               void
 Registers used:
		wreg, status,2
 Tracked objects:
		On entry : 
		On exit  : 
		Unchanged: 
 Data sizes:     COMRAM   BANK0   BANK1   BANK2   BANK3   BANK4   BANK5   BANK6   BANK7
      Params:         0       0       0       0       0       0       0       0       0
      Locals:         0       0       0       0       0       0       0       0       0
      Temps:          0       0       0       0       0       0       0       0       0
      Totals:         0       0       0       0       0       0       0       0       0
Total ram usage:        0 bytes
 Hardware stack levels used:    1
 Hardware stack levels required when called:    2
 This function calls:
		Nothing
 This function is called by:
		_main
 This function uses a non-reentrant model


 *************** function _timer_ini13 *****************
 Defined at:
		line 37 in file "Ap_ini.c"
 Parameters:    Size  Location     Type
		None
 Auto vars:     Size  Location     Type
		None
 Return value:  Size  Location     Type
		None               void
 Registers used:
		wreg, status,2
 Tracked objects:
		On entry : 
		On exit  : 
		Unchanged: 
 Data sizes:     COMRAM   BANK0   BANK1   BANK2   BANK3   BANK4   BANK5   BANK6   BANK7
      Params:         0       0       0       0       0       0       0       0       0
      Locals:         0       0       0       0       0       0       0       0       0
      Temps:          0       0       0       0       0       0       0       0       0
      Totals:         0       0       0       0       0       0       0       0       0
Total ram usage:        0 bytes
 Hardware stack levels used:    1
 Hardware stack levels required when called:    2
 This function calls:
		Nothing
 This function is called by:
		_main
 This function uses a non-reentrant model


 *************** function _timer1_ini13 *****************
 Defined at:
		line 51 in file "Ap_ini.c"
 Parameters:    Size  Location     Type
		None
 Auto vars:     Size  Location     Type
		None
 Return value:  Size  Location     Type
		None               void
 Registers used:
		wreg, status,2
 Tracked objects:
		On entry : 
		On exit  : 
		Unchanged: 
 Data sizes:     COMRAM   BANK0   BANK1   BANK2   BANK3   BANK4   BANK5   BANK6   BANK7
      Params:         0       0       0       0       0       0       0       0       0
      Locals:         0       0       0       0       0       0       0       0       0
      Temps:          0       0       0       0       0       0       0       0       0
      Totals:         0       0       0       0       0       0       0       0       0
Total ram usage:        0 bytes
 Hardware stack levels used:    1
 Hardware stack levels required when called:    2
 This function calls:
		Nothing
 This function is called by:
		_main
 This function uses a non-reentrant model


 *************** function _rampa_ini13 *****************
 Defined at:
		line 5 in file "rampa.c"
 Parameters:    Size  Location     Type
		None
 Auto vars:     Size  Location     Type
		None
 Return value:  Size  Location     Type
		None               void
 Registers used:
		wreg, status,2
 Tracked objects:
		On entry : 
		On exit  : 
		Unchanged: 
 Data sizes:     COMRAM   BANK0   BANK1   BANK2   BANK3   BANK4   BANK5   BANK6   BANK7
      Params:         0       0       0       0       0       0       0       0       0
      Locals:         0       0       0       0       0       0       0       0       0
      Temps:          0       0       0       0       0       0       0       0       0
      Totals:         0       0       0       0       0       0       0       0       0
Total ram usage:        0 bytes
 Hardware stack levels used:    1
 Hardware stack levels required when called:    2
 This function calls:
		Nothing
 This function is called by:
		_main
 This function uses a non-reentrant model


 *************** function _pic_ini13 *****************
 Defined at:
		line 9 in file "Ap_ini.c"
 Parameters:    Size  Location     Type
		None
 Auto vars:     Size  Location     Type
		None
 Return value:  Size  Location     Type
		None               void
 Registers used:
		wreg, status,2
 Tracked objects:
		On entry : 
		On exit  : 
		Unchanged: 
 Data sizes:     COMRAM   BANK0   BANK1   BANK2   BANK3   BANK4   BANK5   BANK6   BANK7
      Params:         0       0       0       0       0       0       0       0       0
      Locals:         0       0       0       0       0       0       0       0       0
      Temps:          0       0       0       0       0       0       0       0       0
      Totals:         0       0       0       0       0       0       0       0       0
Total ram usage:        0 bytes
 Hardware stack levels used:    1
 Hardware stack levels required when called:    2
 This function calls:
		Nothing
 This function is called by:
		_main
 This function uses a non-reentrant model


 *************** function _informar *****************
 Defined at:
		line 63 in file "rampa.c"
 Parameters:    Size  Location     Type
  dato            2   15[COMRAM] PTR unsigned char 
		 -> main@paquete(4), 
  longitud        1   17[COMRAM] unsigned char 
 Auto vars:     Size  Location     Type
  i               1   18[COMRAM] unsigned char 
 Return value:  Size  Location     Type
		None               void
 Registers used:
		wreg, fsr2l, fsr2h, status,2, status,0, prodl, prodh, cstack
 Tracked objects:
		On entry : 
		On exit  : 
		Unchanged: 
 Data sizes:     COMRAM   BANK0   BANK1   BANK2   BANK3   BANK4   BANK5   BANK6   BANK7
      Params:         3       0       0       0       0       0       0       0       0
      Locals:         1       0       0       0       0       0       0       0       0
      Temps:          0       0       0       0       0       0       0       0       0
      Totals:         4       0       0       0       0       0       0       0       0
Total ram usage:        4 bytes
 Hardware stack levels used:    1
 Hardware stack levels required when called:    3
 This function calls:
		_transmitir
 This function is called by:
		_main
 This function uses a non-reentrant model


 *************** function _transmitir *****************
 Defined at:
		line 71 in file "rampa.c"
 Parameters:    Size  Location     Type
  Dato            1    wreg     unsigned char 
 Auto vars:     Size  Location     Type
  Dato            1   14[COMRAM] unsigned char 
 Return value:  Size  Location     Type
		None               void
 Registers used:
		wreg
 Tracked objects:
		On entry : 
		On exit  : 
		Unchanged: 
 Data sizes:     COMRAM   BANK0   BANK1   BANK2   BANK3   BANK4   BANK5   BANK6   BANK7
      Params:         0       0       0       0       0       0       0       0       0
      Locals:         1       0       0       0       0       0       0       0       0
      Temps:          0       0       0       0       0       0       0       0       0
      Totals:         1       0       0       0       0       0       0       0       0
Total ram usage:        1 bytes
 Hardware stack levels used:    1
 Hardware stack levels required when called:    2
 This function calls:
		Nothing
 This function is called by:
		_informar
 This function uses a non-reentrant model


 *************** function _decode *****************
 Defined at:
		line 19 in file "rampa.c"
 Parameters:    Size  Location     Type
  dato_a_decod    1    wreg     unsigned char 
 Auto vars:     Size  Location     Type
  dato_a_decod    1   15[COMRAM] unsigned char 
  retorno         1   14[COMRAM] unsigned char 
 Return value:  Size  Location     Type
                  1    wreg      unsigned char 
 Registers used:
		wreg, status,2, status,0, tblptrl, tblptrh, tblptru
 Tracked objects:
		On entry : 
		On exit  : 
		Unchanged: 
 Data sizes:     COMRAM   BANK0   BANK1   BANK2   BANK3   BANK4   BANK5   BANK6   BANK7
      Params:         0       0       0       0       0       0       0       0       0
      Locals:         2       0       0       0       0       0       0       0       0
      Temps:          0       0       0       0       0       0       0       0       0
      Totals:         2       0       0       0       0       0       0       0       0
Total ram usage:        2 bytes
 Hardware stack levels used:    1
 Hardware stack levels required when called:    2
 This function calls:
		Nothing
 This function is called by:
		_main
 This function uses a non-reentrant model


 *************** function _assign_id *****************
 Defined at:
		line 12 in file "rampa.c"
 Parameters:    Size  Location     Type
  id              1    wreg     unsigned char 
 Auto vars:     Size  Location     Type
  id              1   14[COMRAM] unsigned char 
 Return value:  Size  Location     Type
		None               void
 Registers used:
		wreg
 Tracked objects:
		On entry : 
		On exit  : 
		Unchanged: 
 Data sizes:     COMRAM   BANK0   BANK1   BANK2   BANK3   BANK4   BANK5   BANK6   BANK7
      Params:         0       0       0       0       0       0       0       0       0
      Locals:         1       0       0       0       0       0       0       0       0
      Temps:          0       0       0       0       0       0       0       0       0
      Totals:         1       0       0       0       0       0       0       0       0
Total ram usage:        1 bytes
 Hardware stack levels used:    1
 Hardware stack levels required when called:    2
 This function calls:
		Nothing
 This function is called by:
		_main
 This function uses a non-reentrant model


 *************** function ___lwmod *****************
 Defined at:
		line 8 in file "/opt/microchip/xc8/v1.33/sources/common/lwmod.c"
 Parameters:    Size  Location     Type
  dividend        2   14[COMRAM] unsigned int 
  divisor         2   16[COMRAM] unsigned int 
 Auto vars:     Size  Location     Type
  counter         1   18[COMRAM] unsigned char 
 Return value:  Size  Location     Type
                  2   14[COMRAM] unsigned int 
 Registers used:
		wreg, status,2, status,0
 Tracked objects:
		On entry : 
		On exit  : 
		Unchanged: 
 Data sizes:     COMRAM   BANK0   BANK1   BANK2   BANK3   BANK4   BANK5   BANK6   BANK7
      Params:         4       0       0       0       0       0       0       0       0
      Locals:         1       0       0       0       0       0       0       0       0
      Temps:          0       0       0       0       0       0       0       0       0
      Totals:         5       0       0       0       0       0       0       0       0
Total ram usage:        5 bytes
 Hardware stack levels used:    1
 Hardware stack levels required when called:    2
 This function calls:
		Nothing
 This function is called by:
		_main
 This function uses a non-reentrant model


 *************** function ___lwdiv *****************
 Defined at:
		line 8 in file "/opt/microchip/xc8/v1.33/sources/common/lwdiv.c"
 Parameters:    Size  Location     Type
  dividend        2   19[COMRAM] unsigned int 
  divisor         2   21[COMRAM] unsigned int 
 Auto vars:     Size  Location     Type
  quotient        2   23[COMRAM] unsigned int 
  counter         1   25[COMRAM] unsigned char 
 Return value:  Size  Location     Type
                  2   19[COMRAM] unsigned int 
 Registers used:
		wreg, status,2, status,0
 Tracked objects:
		On entry : 
		On exit  : 
		Unchanged: 
 Data sizes:     COMRAM   BANK0   BANK1   BANK2   BANK3   BANK4   BANK5   BANK6   BANK7
      Params:         4       0       0       0       0       0       0       0       0
      Locals:         3       0       0       0       0       0       0       0       0
      Temps:          0       0       0       0       0       0       0       0       0
      Totals:         7       0       0       0       0       0       0       0       0
Total ram usage:        7 bytes
 Hardware stack levels used:    1
 Hardware stack levels required when called:    2
 This function calls:
		Nothing
 This function is called by:
		_main
 This function uses a non-reentrant model


 *************** function _Send_4Disp *****************
 Defined at:
		line 74 in file "Lemos.C"
 Parameters:    Size  Location     Type
  Umil            1    wreg     unsigned char 
  Cent            1   16[COMRAM] unsigned char 
  Dec             1   17[COMRAM] unsigned char 
  Uni             1   18[COMRAM] unsigned char 
 Auto vars:     Size  Location     Type
  Umil            1   19[COMRAM] unsigned char 
 Return value:  Size  Location     Type
		None               void
 Registers used:
		wreg, status,2, status,0, cstack
 Tracked objects:
		On entry : 
		On exit  : 
		Unchanged: 
 Data sizes:     COMRAM   BANK0   BANK1   BANK2   BANK3   BANK4   BANK5   BANK6   BANK7
      Params:         3       0       0       0       0       0       0       0       0
      Locals:         1       0       0       0       0       0       0       0       0
      Temps:          0       0       0       0       0       0       0       0       0
      Totals:         4       0       0       0       0       0       0       0       0
Total ram usage:        4 bytes
 Hardware stack levels used:    1
 Hardware stack levels required when called:    3
 This function calls:
		_Send_Disp
 This function is called by:
		_main
 This function uses a non-reentrant model


 *************** function _Send_Disp *****************
 Defined at:
		line 43 in file "Lemos.C"
 Parameters:    Size  Location     Type
  NroDisp         1    wreg     unsigned char 
  Dato            1   14[COMRAM] unsigned char 
 Auto vars:     Size  Location     Type
  NroDisp         1   15[COMRAM] unsigned char 
 Return value:  Size  Location     Type
		None               void
 Registers used:
		wreg, status,2, status,0
 Tracked objects:
		On entry : 
		On exit  : 
		Unchanged: 
 Data sizes:     COMRAM   BANK0   BANK1   BANK2   BANK3   BANK4   BANK5   BANK6   BANK7
      Params:         1       0       0       0       0       0       0       0       0
      Locals:         1       0       0       0       0       0       0       0       0
      Temps:          0       0       0       0       0       0       0       0       0
      Totals:         2       0       0       0       0       0       0       0       0
Total ram usage:        2 bytes
 Hardware stack levels used:    1
 Hardware stack levels required when called:    2
 This function calls:
		Nothing
 This function is called by:
		_Send_4Disp
 This function uses a non-reentrant model


 *************** function _myISR *****************
 Defined at:
		line 115 in file "main.c"
 Parameters:    Size  Location     Type
		None
 Auto vars:     Size  Location     Type
		None
 Return value:  Size  Location     Type
		None               void
 Registers used:
		wreg, status,2, status,0, cstack
 Tracked objects:
		On entry : 
		On exit  : 
		Unchanged: 
 Data sizes:     COMRAM   BANK0   BANK1   BANK2   BANK3   BANK4   BANK5   BANK6   BANK7
      Params:         0       0       0       0       0       0       0       0       0
      Locals:         0       0       0       0       0       0       0       0       0
      Temps:         14       0       0       0       0       0       0       0       0
      Totals:        14       0       0       0       0       0       0       0       0
Total ram usage:       14 bytes
 Hardware stack levels used:    1
 Hardware stack levels required when called:    1
 This function calls:
		_RAMPA_tic
		_tic_timer0
 This function is called by:
		Interrupt level 2
 This function uses a non-reentrant model


 *************** function _tic_timer0 *****************
 Defined at:
		line 117 in file "Lemos.C"
 Parameters:    Size  Location     Type
		None
 Auto vars:     Size  Location     Type
		None
 Return value:  Size  Location     Type
		None               void
 Registers used:
		wreg, status,2, status,0
 Tracked objects:
		On entry : 
		On exit  : 
		Unchanged: 
 Data sizes:     COMRAM   BANK0   BANK1   BANK2   BANK3   BANK4   BANK5   BANK6   BANK7
      Params:         0       0       0       0       0       0       0       0       0
      Locals:         0       0       0       0       0       0       0       0       0
      Temps:          0       0       0       0       0       0       0       0       0
      Totals:         0       0       0       0       0       0       0       0       0
Total ram usage:        0 bytes
 Hardware stack levels used:    1
 This function calls:
		Nothing
 This function is called by:
		_myISR
 This function uses a non-reentrant model


 *************** function _RAMPA_tic *****************
 Defined at:
		line 15 in file "rampa.c"
 Parameters:    Size  Location     Type
		None
 Auto vars:     Size  Location     Type
		None
 Return value:  Size  Location     Type
		None               void
 Registers used:
		wreg, status,2, status,0
 Tracked objects:
		On entry : 
		On exit  : 
		Unchanged: 
 Data sizes:     COMRAM   BANK0   BANK1   BANK2   BANK3   BANK4   BANK5   BANK6   BANK7
      Params:         0       0       0       0       0       0       0       0       0
      Locals:         0       0       0       0       0       0       0       0       0
      Temps:          0       0       0       0       0       0       0       0       0
      Totals:         0       0       0       0       0       0       0       0       0
Total ram usage:        0 bytes
 Hardware stack levels used:    1
 This function calls:
		Nothing
 This function is called by:
		_myISR
 This function uses a non-reentrant model



MODULE INFORMATION

Module		Function		Class		Link	Load	Size
rampa.c
		_decode        		CODE           	7CFE	0000	114
		_RAMPA_tic     		CODE           	7AE8	0000	18
		_rampa_ini13   		CODE           	7AFA	0000	18
		_informar      		CODE           	7BE0	0000	58
		_assign_id     		CODE           	7AD0	0000	8
		_transmitir    		CODE           	7AD8	0000	16

rampa.c estimated size: 232

Ap_ini.c
		_pic_ini13     		CODE           	7B7C	0000	48
		_timer_ini13   		CODE           	7B1E	0000	26
		_usart_ini13   		CODE           	7B54	0000	40
		_timer1_ini13  		CODE           	7B0C	0000	18

Ap_ini.c estimated size: 132

/opt/microchip/xc8/v1.33/sources/common/lwmod.c
		___lwmod       		CODE           	7C1A	0000	66

/opt/microchip/xc8/v1.33/sources/common/lwmod.c estimated size: 66

/opt/microchip/xc8/v1.33/sources/common/lwdiv.c
		___lwdiv       		CODE           	7CAC	0000	82

/opt/microchip/xc8/v1.33/sources/common/lwdiv.c estimated size: 82

Lemos.C
		_tic_timer0    		CODE           	7B38	0000	28
		_Send_Disp     		CODE           	7C5C	0000	80
		_Send_4Disp    		CODE           	7D70	0000	128

Lemos.C estimated size: 236

shared
		__initializatio		CODE           	7BAC	0000	42
		_broadcast_id  		SMALLCONST     	201D	0000	1

shared estimated size: 43

main.c
		_myISR         		CODE           	2008	0000	24206
		_main          		CODE           	7E96	0000	362

main.c estimated size: 24568

